
C:\Users\hp\Desktop\Projects\chadgpt-web\output\payment-baseline\login.tsx
  33:5  error  Error: Calling setState synchronously within an effect can trigger cascading renders

Effects are intended to synchronize state between React and external systems such as manually updating the DOM, state management libraries, or other platform APIs. In general, the body of an effect should do one or both of the following:
* Update external systems with the latest state from React.
* Subscribe for updates from some external system, calling setState in a callback function when external state changes.

Calling setState synchronously within an effect body causes cascading renders that can hurt performance, and is not recommended. (https://react.dev/learn/you-might-not-need-an-effect).

C:\Users\hp\Desktop\Projects\chadgpt-web\output\payment-baseline\login.tsx:33:5
  31 |   useEffect(() => {
  32 |     const parametres = new URLSearchParams(window.location.search);
> 33 |     setRetourFacturation(parametres.get("next") === "/billing");
     |     ^^^^^^^^^^^^^^^^^^^^ Avoid calling setState() directly within an effect
  34 |     if (parametres.get("expired")) {
  35 |       setError("Votre session a expiré — reconnectez-vous pour continuer.");
  36 |     }  react-hooks/set-state-in-effect

C:\Users\hp\Desktop\Projects\chadgpt-web\output\payment-baseline\register.tsx
  28:5  error  Error: Calling setState synchronously within an effect can trigger cascading renders

Effects are intended to synchronize state between React and external systems such as manually updating the DOM, state management libraries, or other platform APIs. In general, the body of an effect should do one or both of the following:
* Update external systems with the latest state from React.
* Subscribe for updates from some external system, calling setState in a callback function when external state changes.

Calling setState synchronously within an effect body causes cascading renders that can hurt performance, and is not recommended. (https://react.dev/learn/you-might-not-need-an-effect).

C:\Users\hp\Desktop\Projects\chadgpt-web\output\payment-baseline\register.tsx:28:5
  26 |   useEffect(() => {
  27 |     const plan = publicPlanId(new URLSearchParams(window.location.search).get("plan"));
> 28 |     setPlanChoisi(plan === "essentiel" || plan === "toumai_5" ? plan : null);
     |     ^^^^^^^^^^^^^ Avoid calling setState() directly within an effect
  29 |   }, []);
  30 |
  31 |   const destination = planChoisi ? checkoutUrl(planChoisi) : "/chat";  react-hooks/set-state-in-effect

✖ 2 problems (2 errors, 0 warnings)

