[     852ms] [INFO] %cDownload the React DevTools for a better development experience: https://react.dev/link/react-devtools font-weight:bold @ http://localhost:3100/_next/static/chunks/node_modules_next_dist_1ybzpk2._.js:2477
[    1103ms] [LOG] [HMR] connected @ http://localhost:3100/_next/static/chunks/node_modules_next_dist_1ybzpk2._.js:2477
[   23743ms] [LOG] [Fast Refresh] rebuilding @ http://localhost:3100/_next/static/chunks/node_modules_next_dist_1ybzpk2._.js:2477
[   23806ms] [LOG] [Fast Refresh] done in 171ms @ http://localhost:3100/_next/static/chunks/node_modules_next_dist_1ybzpk2._.js:2477
[   24170ms] [INFO] %cDownload the React DevTools for a better development experience: https://react.dev/link/react-devtools font-weight:bold @ http://localhost:3100/_next/static/chunks/node_modules_next_dist_1ybzpk2._.js:2477
[   24216ms] [LOG] [HMR] connected @ http://localhost:3100/_next/static/chunks/node_modules_next_dist_1ybzpk2._.js:2477
[   25639ms] [ERROR] Failed to load resource: the server responded with a status of 401 () @ https://api.toumaiai.com/api/v1/user/device-register:0
[   94760ms] [LOG] [Fast Refresh] rebuilding @ http://localhost:3100/_next/static/chunks/node_modules_next_dist_1ybzpk2._.js:2477
[   96611ms] [LOG] [Fast Refresh] done in 1957ms @ http://localhost:3100/_next/static/chunks/node_modules_next_dist_1ybzpk2._.js:2477
[ 1073479ms] [LOG] [Fast Refresh] rebuilding @ http://localhost:3100/_next/static/chunks/node_modules_next_dist_1ybzpk2._.js:2477
[ 1074103ms] [LOG] [Fast Refresh] done in 728ms @ http://localhost:3100/_next/static/chunks/node_modules_next_dist_1ybzpk2._.js:2477
[ 3626048ms] [ERROR] Failed to load resource: the server responded with a status of 401 () @ https://api.toumaiai.com/api/v1/auth/refresh:0
[ 3925038ms] [ERROR] Failed to load resource: the server responded with a status of 401 () @ https://api.toumaiai.com/api/v1/auth/refresh:0
[ 4225030ms] [ERROR] Failed to load resource: the server responded with a status of 401 () @ https://api.toumaiai.com/api/v1/auth/refresh:0
[ 4525027ms] [ERROR] Failed to load resource: the server responded with a status of 401 () @ https://api.toumaiai.com/api/v1/auth/refresh:0
[ 4824959ms] [ERROR] Failed to load resource: the server responded with a status of 401 () @ https://api.toumaiai.com/api/v1/auth/refresh:0
[ 5125016ms] [ERROR] Failed to load resource: the server responded with a status of 401 () @ https://api.toumaiai.com/api/v1/auth/refresh:0
[ 5425048ms] [ERROR] Failed to load resource: the server responded with a status of 401 () @ https://api.toumaiai.com/api/v1/auth/refresh:0
[ 5725043ms] [ERROR] Failed to load resource: the server responded with a status of 401 () @ https://api.toumaiai.com/api/v1/auth/refresh:0
[ 6005777ms] [ERROR] Failed to load resource: the server responded with a status of 401 () @ https://api.toumaiai.com/api/v1/auth/refresh:0
[ 6025877ms] [ERROR] Failed to load resource: the server responded with a status of 401 () @ https://api.toumaiai.com/api/v1/auth/refresh:0
[ 6325054ms] [ERROR] Failed to load resource: the server responded with a status of 401 () @ https://api.toumaiai.com/api/v1/auth/refresh:0
[ 6625097ms] [ERROR] Failed to load resource: the server responded with a status of 401 () @ https://api.toumaiai.com/api/v1/auth/refresh:0
[ 7630002ms] [LOG] [HMR] connected @ http://localhost:3100/_next/static/chunks/node_modules_next_dist_1ybzpk2._.js:2477
[ 7630427ms] [LOG] [Fast Refresh] rebuilding @ http://localhost:3100/_next/static/chunks/node_modules_next_dist_1ybzpk2._.js:2477
[ 7630480ms] [LOG] [Fast Refresh] done in 158ms @ http://localhost:3100/_next/static/chunks/node_modules_next_dist_1ybzpk2._.js:2477
[ 7631183ms] [ERROR] Failed to load resource: the server responded with a status of 401 () @ https://api.toumaiai.com/api/v1/auth/refresh:0
[ 7825896ms] [ERROR] Failed to load resource: the server responded with a status of 401 () @ https://api.toumaiai.com/api/v1/auth/refresh:0
[13300506ms] [LOG] [HMR] connected @ http://localhost:3100/_next/static/chunks/node_modules_next_dist_1ybzpk2._.js:2477
[13300545ms] [ERROR] Failed to load resource: net::ERR_INTERNET_DISCONNECTED @ https://api.toumaiai.com/api/v1/auth/refresh:0
[13301026ms] [ERROR] Failed to load resource: net::ERR_INTERNET_DISCONNECTED @ https://api.toumaiai.com/api/v1/auth/refresh:0
[13303268ms] [ERROR] Failed to load resource: net::ERR_INTERNET_DISCONNECTED @ https://api.toumaiai.com/api/v1/auth/refresh:0
[13338326ms] [ERROR] Failed to load resource: net::ERR_NETWORK_CHANGED @ https://api.toumaiai.com/api/v1/auth/refresh:0
[13338678ms] [LOG] [Fast Refresh] rebuilding @ http://localhost:3100/_next/static/chunks/node_modules_next_dist_1ybzpk2._.js:2477
[13338728ms] [LOG] [Fast Refresh] done in 155ms @ http://localhost:3100/_next/static/chunks/node_modules_next_dist_1ybzpk2._.js:2477
[13356030ms] [ERROR] Failed to load resource: net::ERR_NETWORK_CHANGED @ https://api.toumaiai.com/api/v1/auth/refresh:0
[13379088ms] [ERROR] Failed to load resource: net::ERR_CONNECTION_TIMED_OUT @ https://api.toumaiai.com/api/v1/auth/refresh:0
[13525896ms] [ERROR] Failed to load resource: the server responded with a status of 401 () @ https://api.toumaiai.com/api/v1/auth/refresh:0
[13825896ms] [ERROR] Failed to load resource: the server responded with a status of 401 () @ https://api.toumaiai.com/api/v1/auth/refresh:0
[14125007ms] [ERROR] Failed to load resource: the server responded with a status of 401 () @ https://api.toumaiai.com/api/v1/auth/refresh:0
[14425905ms] [ERROR] Failed to load resource: the server responded with a status of 401 () @ https://api.toumaiai.com/api/v1/auth/refresh:0
[14725141ms] [ERROR] Failed to load resource: the server responded with a status of 401 () @ https://api.toumaiai.com/api/v1/auth/refresh:0
[15025935ms] [ERROR] Failed to load resource: the server responded with a status of 401 () @ https://api.toumaiai.com/api/v1/auth/refresh:0
[15325010ms] [ERROR] Failed to load resource: the server responded with a status of 401 () @ https://api.toumaiai.com/api/v1/auth/refresh:0
[15624947ms] [ERROR] Failed to load resource: the server responded with a status of 401 () @ https://api.toumaiai.com/api/v1/auth/refresh:0
[15924945ms] [ERROR] Failed to load resource: the server responded with a status of 401 () @ https://api.toumaiai.com/api/v1/auth/refresh:0
[16225847ms] [ERROR] Failed to load resource: the server responded with a status of 401 () @ https://api.toumaiai.com/api/v1/auth/refresh:0
[16530516ms] [ERROR] Failed to load resource: the server responded with a status of 401 () @ https://api.toumaiai.com/api/v1/auth/refresh:0
[16826007ms] [ERROR] Failed to load resource: the server responded with a status of 401 () @ https://api.toumaiai.com/api/v1/auth/refresh:0
[17125811ms] [ERROR] Failed to load resource: the server responded with a status of 401 () @ https://api.toumaiai.com/api/v1/auth/refresh:0
[17425790ms] [ERROR] Failed to load resource: the server responded with a status of 401 () @ https://api.toumaiai.com/api/v1/auth/refresh:0
[17594621ms] [LOG] [Fast Refresh] rebuilding @ http://localhost:3100/_next/static/chunks/node_modules_next_dist_1ybzpk2._.js:2477
[17595541ms] [LOG] [Fast Refresh] done in 1023ms @ http://localhost:3100/_next/static/chunks/node_modules_next_dist_1ybzpk2._.js:2477
[17726029ms] [ERROR] Failed to load resource: the server responded with a status of 401 () @ https://api.toumaiai.com/api/v1/auth/refresh:0
[18025904ms] [ERROR] Failed to load resource: the server responded with a status of 401 () @ https://api.toumaiai.com/api/v1/auth/refresh:0
[18325784ms] [ERROR] Failed to load resource: the server responded with a status of 401 () @ https://api.toumaiai.com/api/v1/auth/refresh:0
[18624956ms] [ERROR] Failed to load resource: the server responded with a status of 401 () @ https://api.toumaiai.com/api/v1/auth/refresh:0
[18925129ms] [ERROR] Failed to load resource: the server responded with a status of 401 () @ https://api.toumaiai.com/api/v1/auth/refresh:0
[19225023ms] [ERROR] Failed to load resource: the server responded with a status of 401 () @ https://api.toumaiai.com/api/v1/auth/refresh:0
[19528213ms] [ERROR] Failed to load resource: the server responded with a status of 401 () @ https://api.toumaiai.com/api/v1/auth/refresh:0
[19826263ms] [ERROR] Failed to load resource: the server responded with a status of 401 () @ https://api.toumaiai.com/api/v1/auth/refresh:0
[20126508ms] [ERROR] Failed to load resource: the server responded with a status of 401 () @ https://api.toumaiai.com/api/v1/auth/refresh:0
[49837286ms] [ERROR] Failed to load resource: net::ERR_INTERNET_DISCONNECTED @ https://api.toumaiai.com/api/v1/auth/refresh:0
[49837641ms] [LOG] [HMR] connected @ http://localhost:3100/_next/static/chunks/node_modules_next_dist_1ybzpk2._.js:2477
[49837768ms] [LOG] [Fast Refresh] rebuilding @ http://localhost:3100/_next/static/chunks/node_modules_next_dist_1ybzpk2._.js:2477
[49838029ms] [LOG] [Fast Refresh] done in 366ms @ http://localhost:3100/_next/static/chunks/node_modules_next_dist_1ybzpk2._.js:2477
[49838252ms] [LOG] [Fast Refresh] rebuilding @ http://localhost:3100/_next/static/chunks/node_modules_next_dist_1ybzpk2._.js:2477
[49838697ms] [LOG] [Fast Refresh] done in 548ms @ http://localhost:3100/_next/static/chunks/node_modules_next_dist_1ybzpk2._.js:2477
[49838811ms] [LOG] [Fast Refresh] rebuilding @ http://localhost:3100/_next/static/chunks/node_modules_next_dist_1ybzpk2._.js:2477
[49838917ms] [LOG] [Fast Refresh] done in 215ms @ http://localhost:3100/_next/static/chunks/node_modules_next_dist_1ybzpk2._.js:2477
[49839226ms] [LOG] [Fast Refresh] rebuilding @ http://localhost:3100/_next/static/chunks/node_modules_next_dist_1ybzpk2._.js:2477
[49839282ms] [LOG] [Fast Refresh] done in 163ms @ http://localhost:3100/_next/static/chunks/node_modules_next_dist_1ybzpk2._.js:2477
[49843733ms] [ERROR] Failed to load resource: net::ERR_INTERNET_DISCONNECTED @ https://api.toumaiai.com/api/v1/auth/refresh:0
[49843923ms] [LOG] [Fast Refresh] rebuilding @ http://localhost:3100/_next/static/chunks/node_modules_next_dist_1ybzpk2._.js:2477
[49843967ms] [LOG] [Fast Refresh] done in 148ms @ http://localhost:3100/_next/static/chunks/node_modules_next_dist_1ybzpk2._.js:2477
[49844609ms] [ERROR] Failed to load resource: net::ERR_INTERNET_DISCONNECTED @ https://api.toumaiai.com/api/v1/auth/refresh:0
[49844846ms] [LOG] [Fast Refresh] rebuilding @ http://localhost:3100/_next/static/chunks/node_modules_next_dist_1ybzpk2._.js:2477
[49844941ms] [LOG] [Fast Refresh] done in 201ms @ http://localhost:3100/_next/static/chunks/node_modules_next_dist_1ybzpk2._.js:2477
[49845330ms] [LOG] [Fast Refresh] rebuilding @ http://localhost:3100/_next/static/chunks/node_modules_next_dist_1ybzpk2._.js:2477
[49845358ms] [LOG] [Fast Refresh] done in 134ms @ http://localhost:3100/_next/static/chunks/node_modules_next_dist_1ybzpk2._.js:2477
[49848271ms] [ERROR] Failed to load resource: net::ERR_INTERNET_DISCONNECTED @ https://api.toumaiai.com/api/v1/auth/refresh:0
[49848472ms] [LOG] [Fast Refresh] rebuilding @ http://localhost:3100/_next/static/chunks/node_modules_next_dist_1ybzpk2._.js:2477
[49849108ms] [LOG] [Fast Refresh] done in 779ms @ http://localhost:3100/_next/static/chunks/node_modules_next_dist_1ybzpk2._.js:2477
[49849301ms] [LOG] [Fast Refresh] rebuilding @ http://localhost:3100/_next/static/chunks/node_modules_next_dist_1ybzpk2._.js:2477
[49849678ms] [LOG] [Fast Refresh] done in 483ms @ http://localhost:3100/_next/static/chunks/node_modules_next_dist_1ybzpk2._.js:2477
[49849785ms] [LOG] [Fast Refresh] rebuilding @ http://localhost:3100/_next/static/chunks/node_modules_next_dist_1ybzpk2._.js:2477
[49849853ms] [LOG] [Fast Refresh] done in 174ms @ http://localhost:3100/_next/static/chunks/node_modules_next_dist_1ybzpk2._.js:2477
[49850390ms] [ERROR] Failed to load resource: net::ERR_NETWORK_CHANGED @ https://api.toumaiai.com/api/v1/auth/refresh:0
[49850391ms] [LOG] [Fast Refresh] rebuilding @ http://localhost:3100/_next/static/chunks/node_modules_next_dist_1ybzpk2._.js:2477
[49850610ms] [LOG] [Fast Refresh] done in 339ms @ http://localhost:3100/_next/static/chunks/node_modules_next_dist_1ybzpk2._.js:2477
[49850725ms] [LOG] [Fast Refresh] rebuilding @ http://localhost:3100/_next/static/chunks/node_modules_next_dist_1ybzpk2._.js:2477
[49851617ms] [LOG] [Fast Refresh] done in 999ms @ http://localhost:3100/_next/static/chunks/node_modules_next_dist_1ybzpk2._.js:2477
[49851745ms] [LOG] [Fast Refresh] rebuilding @ http://localhost:3100/_next/static/chunks/node_modules_next_dist_1ybzpk2._.js:2477
[49851807ms] [LOG] [Fast Refresh] done in 163ms @ http://localhost:3100/_next/static/chunks/node_modules_next_dist_1ybzpk2._.js:2477
[49851941ms] [LOG] [Fast Refresh] rebuilding @ http://localhost:3100/_next/static/chunks/node_modules_next_dist_1ybzpk2._.js:2477
[49852144ms] [LOG] [Fast Refresh] done in 310ms @ http://localhost:3100/_next/static/chunks/node_modules_next_dist_1ybzpk2._.js:2477
[49852255ms] [LOG] [Fast Refresh] rebuilding @ http://localhost:3100/_next/static/chunks/node_modules_next_dist_1ybzpk2._.js:2477
[49852317ms] [LOG] [Fast Refresh] done in 172ms @ http://localhost:3100/_next/static/chunks/node_modules_next_dist_1ybzpk2._.js:2477
[49852576ms] [LOG] [Fast Refresh] rebuilding @ http://localhost:3100/_next/static/chunks/node_modules_next_dist_1ybzpk2._.js:2477
[49852652ms] [LOG] [Fast Refresh] done in 179ms @ http://localhost:3100/_next/static/chunks/node_modules_next_dist_1ybzpk2._.js:2477
[49852867ms] [LOG] [Fast Refresh] rebuilding @ http://localhost:3100/_next/static/chunks/node_modules_next_dist_1ybzpk2._.js:2477
[49852907ms] [LOG] [Fast Refresh] done in 153ms @ http://localhost:3100/_next/static/chunks/node_modules_next_dist_1ybzpk2._.js:2477
[49853129ms] [LOG] [Fast Refresh] rebuilding @ http://localhost:3100/_next/static/chunks/node_modules_next_dist_1ybzpk2._.js:2477
[49853256ms] [LOG] [Fast Refresh] done in 237ms @ http://localhost:3100/_next/static/chunks/node_modules_next_dist_1ybzpk2._.js:2477
[49853366ms] [LOG] [Fast Refresh] rebuilding @ http://localhost:3100/_next/static/chunks/node_modules_next_dist_1ybzpk2._.js:2477
[49853369ms] [LOG] [Fast Refresh] done in 111ms @ http://localhost:3100/_next/static/chunks/node_modules_next_dist_1ybzpk2._.js:2477
[49853645ms] [LOG] [Fast Refresh] rebuilding @ http://localhost:3100/_next/static/chunks/node_modules_next_dist_1ybzpk2._.js:2477
[49853821ms] [LOG] [Fast Refresh] done in 289ms @ http://localhost:3100/_next/static/chunks/node_modules_next_dist_1ybzpk2._.js:2477
[49866140ms] [ERROR] Failed to load resource: the server responded with a status of 401 () @ https://api.toumaiai.com/api/v1/auth/refresh:0
[50120515ms] [ERROR] Failed to load resource: the server responded with a status of 401 () @ https://api.toumaiai.com/api/v1/auth/refresh:0
[50420631ms] [ERROR] Failed to load resource: the server responded with a status of 401 () @ https://api.toumaiai.com/api/v1/auth/refresh:0
[50720564ms] [ERROR] Failed to load resource: the server responded with a status of 401 () @ https://api.toumaiai.com/api/v1/auth/refresh:0
[51020501ms] [ERROR] Failed to load resource: the server responded with a status of 401 () @ https://api.toumaiai.com/api/v1/auth/refresh:0
[51320628ms] [ERROR] Failed to load resource: the server responded with a status of 401 () @ https://api.toumaiai.com/api/v1/auth/refresh:0
[51600290ms] [LOG] [Fast Refresh] rebuilding @ http://localhost:3100/_next/static/chunks/node_modules_next_dist_1ybzpk2._.js:2477
[51600827ms] [LOG] [Fast Refresh] done in 649ms @ http://localhost:3100/_next/static/chunks/node_modules_next_dist_1ybzpk2._.js:2477
[51613974ms] [LOG] [Fast Refresh] rebuilding @ http://localhost:3100/_next/static/chunks/node_modules_next_dist_1ybzpk2._.js:2477
[51613975ms] [LOG] [Fast Refresh] done in 114ms @ http://localhost:3100/_next/static/chunks/node_modules_next_dist_1ybzpk2._.js:2477
[51614141ms] [LOG] [Fast Refresh] rebuilding @ http://localhost:3100/_next/static/chunks/node_modules_next_dist_1ybzpk2._.js:2477
[51614715ms] [LOG] [Fast Refresh] done in 685ms @ http://localhost:3100/_next/static/chunks/node_modules_next_dist_1ybzpk2._.js:2477
[51620573ms] [ERROR] Failed to load resource: the server responded with a status of 401 () @ https://api.toumaiai.com/api/v1/auth/refresh:0
[51926149ms] [ERROR] Failed to load resource: net::ERR_INTERNET_DISCONNECTED @ https://api.toumaiai.com/api/v1/auth/refresh:0
[51932664ms] [ERROR] Failed to load resource: net::ERR_INTERNET_DISCONNECTED @ https://api.toumaiai.com/api/v1/auth/refresh:0
[51939619ms] [ERROR] Failed to load resource: net::ERR_INTERNET_DISCONNECTED @ https://api.toumaiai.com/api/v1/auth/refresh:0
[51953768ms] [ERROR] Failed to load resource: the server responded with a status of 401 () @ https://api.toumaiai.com/api/v1/auth/refresh:0
[52221425ms] [ERROR] Failed to load resource: the server responded with a status of 401 () @ https://api.toumaiai.com/api/v1/auth/refresh:0
[52348382ms] [LOG] [Fast Refresh] rebuilding @ http://localhost:3100/_next/static/chunks/node_modules_next_dist_1ybzpk2._.js:2477
[52349305ms] [LOG] [Fast Refresh] done in 282ms @ http://localhost:3100/_next/static/chunks/node_modules_next_dist_1ybzpk2._.js:2477
[52350094ms] [LOG] [Fast Refresh] rebuilding @ http://localhost:3100/_next/static/chunks/node_modules_next_dist_1ybzpk2._.js:2477
[52350135ms] [LOG] [Fast Refresh] done in 141ms @ http://localhost:3100/_next/static/chunks/node_modules_next_dist_1ybzpk2._.js:2477
[52350378ms] [LOG] [Fast Refresh] rebuilding @ http://localhost:3100/_next/static/chunks/node_modules_next_dist_1ybzpk2._.js:2477
[52350401ms] [LOG] [Fast Refresh] done in 130ms @ http://localhost:3100/_next/static/chunks/node_modules_next_dist_1ybzpk2._.js:2477
[52350605ms] [LOG] [Fast Refresh] rebuilding @ http://localhost:3100/_next/static/chunks/node_modules_next_dist_1ybzpk2._.js:2477
[52350642ms] [LOG] [Fast Refresh] done in 137ms @ http://localhost:3100/_next/static/chunks/node_modules_next_dist_1ybzpk2._.js:2477
[52350865ms] [LOG] [Fast Refresh] rebuilding @ http://localhost:3100/_next/static/chunks/node_modules_next_dist_1ybzpk2._.js:2477
[52350914ms] [LOG] [Fast Refresh] done in 158ms @ http://localhost:3100/_next/static/chunks/node_modules_next_dist_1ybzpk2._.js:2477
[52351058ms] [LOG] [Fast Refresh] rebuilding @ http://localhost:3100/_next/static/chunks/node_modules_next_dist_1ybzpk2._.js:2477
[52351124ms] [LOG] [Fast Refresh] done in 173ms @ http://localhost:3100/_next/static/chunks/node_modules_next_dist_1ybzpk2._.js:2477
[52351248ms] [LOG] [Fast Refresh] rebuilding @ http://localhost:3100/_next/static/chunks/node_modules_next_dist_1ybzpk2._.js:2477
[52351293ms] [LOG] [Fast Refresh] done in 155ms @ http://localhost:3100/_next/static/chunks/node_modules_next_dist_1ybzpk2._.js:2477
[52351460ms] [LOG] [Fast Refresh] rebuilding @ http://localhost:3100/_next/static/chunks/node_modules_next_dist_1ybzpk2._.js:2477
[52351493ms] [LOG] [Fast Refresh] done in 134ms @ http://localhost:3100/_next/static/chunks/node_modules_next_dist_1ybzpk2._.js:2477
[52351974ms] [LOG] [Fast Refresh] rebuilding @ http://localhost:3100/_next/static/chunks/node_modules_next_dist_1ybzpk2._.js:2477
[52351977ms] [LOG] [Fast Refresh] done in 107ms @ http://localhost:3100/_next/static/chunks/node_modules_next_dist_1ybzpk2._.js:2477
[52504276ms] [LOG] [Fast Refresh] rebuilding @ http://localhost:3100/_next/static/chunks/node_modules_next_dist_1ybzpk2._.js:2477
[52504868ms] [LOG] [Fast Refresh] done in 253ms @ http://localhost:3100/_next/static/chunks/node_modules_next_dist_1ybzpk2._.js:2477
[52505006ms] [LOG] [Fast Refresh] rebuilding @ http://localhost:3100/_next/static/chunks/node_modules_next_dist_1ybzpk2._.js:2477
[52505137ms] [LOG] [Fast Refresh] done in 232ms @ http://localhost:3100/_next/static/chunks/node_modules_next_dist_1ybzpk2._.js:2477
[52505282ms] [LOG] [Fast Refresh] rebuilding @ http://localhost:3100/_next/static/chunks/node_modules_next_dist_1ybzpk2._.js:2477
[52505430ms] [LOG] [Fast Refresh] done in 253ms @ http://localhost:3100/_next/static/chunks/node_modules_next_dist_1ybzpk2._.js:2477
[52505567ms] [LOG] [Fast Refresh] rebuilding @ http://localhost:3100/_next/static/chunks/node_modules_next_dist_1ybzpk2._.js:2477
[52505709ms] [LOG] [Fast Refresh] done in 242ms @ http://localhost:3100/_next/static/chunks/node_modules_next_dist_1ybzpk2._.js:2477
[52505888ms] [LOG] [Fast Refresh] rebuilding @ http://localhost:3100/_next/static/chunks/node_modules_next_dist_1ybzpk2._.js:2477
[52506002ms] [LOG] [Fast Refresh] done in 219ms @ http://localhost:3100/_next/static/chunks/node_modules_next_dist_1ybzpk2._.js:2477
[52506198ms] [LOG] [Fast Refresh] rebuilding @ http://localhost:3100/_next/static/chunks/node_modules_next_dist_1ybzpk2._.js:2477
[52506253ms] [LOG] [Fast Refresh] done in 163ms @ http://localhost:3100/_next/static/chunks/node_modules_next_dist_1ybzpk2._.js:2477
[52506472ms] [LOG] [Fast Refresh] rebuilding @ http://localhost:3100/_next/static/chunks/node_modules_next_dist_1ybzpk2._.js:2477
[52506537ms] [LOG] [Fast Refresh] done in 165ms @ http://localhost:3100/_next/static/chunks/node_modules_next_dist_1ybzpk2._.js:2477
[52506748ms] [LOG] [Fast Refresh] rebuilding @ http://localhost:3100/_next/static/chunks/node_modules_next_dist_1ybzpk2._.js:2477
[52506756ms] [LOG] [Fast Refresh] done in 113ms @ http://localhost:3100/_next/static/chunks/node_modules_next_dist_1ybzpk2._.js:2477
[52507027ms] [LOG] [Fast Refresh] rebuilding @ http://localhost:3100/_next/static/chunks/node_modules_next_dist_1ybzpk2._.js:2477
[52507058ms] [LOG] [Fast Refresh] done in 131ms @ http://localhost:3100/_next/static/chunks/node_modules_next_dist_1ybzpk2._.js:2477
[52507634ms] [LOG] [Fast Refresh] rebuilding @ http://localhost:3100/_next/static/chunks/node_modules_next_dist_1ybzpk2._.js:2477
[52507693ms] [LOG] [Fast Refresh] done in 164ms @ http://localhost:3100/_next/static/chunks/node_modules_next_dist_1ybzpk2._.js:2477
[52507878ms] [LOG] [Fast Refresh] rebuilding @ http://localhost:3100/_next/static/chunks/node_modules_next_dist_1ybzpk2._.js:2477
[52507967ms] [LOG] [Fast Refresh] done in 191ms @ http://localhost:3100/_next/static/chunks/node_modules_next_dist_1ybzpk2._.js:2477
[52520473ms] [ERROR] Failed to load resource: the server responded with a status of 401 () @ https://api.toumaiai.com/api/v1/auth/refresh:0
[52630318ms] [LOG] [Fast Refresh] rebuilding @ http://localhost:3100/_next/static/chunks/node_modules_next_dist_1ybzpk2._.js:2477
[52630487ms] [LOG] [Fast Refresh] done in 269ms @ http://localhost:3100/_next/static/chunks/node_modules_next_dist_1ybzpk2._.js:2477
[52651699ms] [LOG] [Fast Refresh] rebuilding @ http://localhost:3100/_next/static/chunks/node_modules_next_dist_1ybzpk2._.js:2477
[52651875ms] [LOG] [Fast Refresh] done in 291ms @ http://localhost:3100/_next/static/chunks/node_modules_next_dist_1ybzpk2._.js:2477
[52820571ms] [ERROR] Failed to load resource: the server responded with a status of 401 () @ https://api.toumaiai.com/api/v1/auth/refresh:0
[53120549ms] [ERROR] Failed to load resource: the server responded with a status of 401 () @ https://api.toumaiai.com/api/v1/auth/refresh:0
[53139800ms] [LOG] [Fast Refresh] rebuilding @ http://localhost:3100/_next/static/chunks/node_modules_next_dist_1ybzpk2._.js:2477
[53140051ms] [LOG] [Fast Refresh] done in 351ms @ http://localhost:3100/_next/static/chunks/node_modules_next_dist_1ybzpk2._.js:2477
[53144463ms] [LOG] [Fast Refresh] rebuilding @ http://localhost:3100/_next/static/chunks/node_modules_next_dist_1ybzpk2._.js:2477
[53144592ms] [LOG] [Fast Refresh] done in 243ms @ http://localhost:3100/_next/static/chunks/node_modules_next_dist_1ybzpk2._.js:2477
[53148342ms] [LOG] [Fast Refresh] rebuilding @ http://localhost:3100/_next/static/chunks/node_modules_next_dist_1ybzpk2._.js:2477
[53148507ms] [LOG] [Fast Refresh] done in 273ms @ http://localhost:3100/_next/static/chunks/node_modules_next_dist_1ybzpk2._.js:2477
[53153085ms] [LOG] [Fast Refresh] rebuilding @ http://localhost:3100/_next/static/chunks/node_modules_next_dist_1ybzpk2._.js:2477
[53153268ms] [LOG] [Fast Refresh] done in 292ms @ http://localhost:3100/_next/static/chunks/node_modules_next_dist_1ybzpk2._.js:2477
[53162628ms] [LOG] [Fast Refresh] rebuilding @ http://localhost:3100/_next/static/chunks/node_modules_next_dist_1ybzpk2._.js:2477
[53162766ms] [LOG] [Fast Refresh] done in 250ms @ http://localhost:3100/_next/static/chunks/node_modules_next_dist_1ybzpk2._.js:2477
[53167966ms] [LOG] [Fast Refresh] rebuilding @ http://localhost:3100/_next/static/chunks/node_modules_next_dist_1ybzpk2._.js:2477
[53168307ms] [LOG] [Fast Refresh] done in 442ms @ http://localhost:3100/_next/static/chunks/node_modules_next_dist_1ybzpk2._.js:2477
[53172252ms] [LOG] [Fast Refresh] rebuilding @ http://localhost:3100/_next/static/chunks/node_modules_next_dist_1ybzpk2._.js:2477
[53172506ms] [LOG] [Fast Refresh] done in 369ms @ http://localhost:3100/_next/static/chunks/node_modules_next_dist_1ybzpk2._.js:2477
[53182579ms] [LOG] [Fast Refresh] rebuilding @ http://localhost:3100/_next/static/chunks/node_modules_next_dist_1ybzpk2._.js:2477
[53182715ms] [LOG] [Fast Refresh] done in 237ms @ http://localhost:3100/_next/static/chunks/node_modules_next_dist_1ybzpk2._.js:2477
[53214242ms] [LOG] [Fast Refresh] rebuilding @ http://localhost:3100/_next/static/chunks/node_modules_next_dist_1ybzpk2._.js:2477
[53214438ms] [LOG] [Fast Refresh] done in 298ms @ http://localhost:3100/_next/static/chunks/node_modules_next_dist_1ybzpk2._.js:2477
[53218332ms] [LOG] [Fast Refresh] rebuilding @ http://localhost:3100/_next/static/chunks/node_modules_next_dist_1ybzpk2._.js:2477
[53218454ms] [LOG] [Fast Refresh] done in 232ms @ http://localhost:3100/_next/static/chunks/node_modules_next_dist_1ybzpk2._.js:2477
[53375871ms] [LOG] [Fast Refresh] rebuilding @ http://localhost:3100/_next/static/chunks/node_modules_next_dist_1ybzpk2._.js:2477
[53376047ms] [LOG] [Fast Refresh] done in 281ms @ http://localhost:3100/_next/static/chunks/node_modules_next_dist_1ybzpk2._.js:2477
[53420545ms] [ERROR] Failed to load resource: the server responded with a status of 401 () @ https://api.toumaiai.com/api/v1/auth/refresh:0
[53720504ms] [ERROR] Failed to load resource: the server responded with a status of 401 () @ https://api.toumaiai.com/api/v1/auth/refresh:0
[54020470ms] [ERROR] Failed to load resource: the server responded with a status of 401 () @ https://api.toumaiai.com/api/v1/auth/refresh:0
[54320448ms] [ERROR] Failed to load resource: the server responded with a status of 401 () @ https://api.toumaiai.com/api/v1/auth/refresh:0
[54620454ms] [ERROR] Failed to load resource: the server responded with a status of 401 () @ https://api.toumaiai.com/api/v1/auth/refresh:0
[54920434ms] [ERROR] Failed to load resource: the server responded with a status of 401 () @ https://api.toumaiai.com/api/v1/auth/refresh:0
[54922849ms] [LOG] [Fast Refresh] rebuilding @ http://localhost:3100/_next/static/chunks/node_modules_next_dist_1ybzpk2._.js:2477
[54923385ms] [LOG] [Fast Refresh] done in 306ms @ http://localhost:3100/_next/static/chunks/node_modules_next_dist_1ybzpk2._.js:2477
[54923520ms] [LOG] [Fast Refresh] rebuilding @ http://localhost:3100/_next/static/chunks/node_modules_next_dist_1ybzpk2._.js:2477
[54923661ms] [LOG] [Fast Refresh] done in 243ms @ http://localhost:3100/_next/static/chunks/node_modules_next_dist_1ybzpk2._.js:2477
[54923809ms] [LOG] [Fast Refresh] rebuilding @ http://localhost:3100/_next/static/chunks/node_modules_next_dist_1ybzpk2._.js:2477
[54923857ms] [LOG] [Fast Refresh] done in 154ms @ http://localhost:3100/_next/static/chunks/node_modules_next_dist_1ybzpk2._.js:2477
[54924114ms] [LOG] [Fast Refresh] rebuilding @ http://localhost:3100/_next/static/chunks/node_modules_next_dist_1ybzpk2._.js:2477
[54924253ms] [LOG] [Fast Refresh] done in 240ms @ http://localhost:3100/_next/static/chunks/node_modules_next_dist_1ybzpk2._.js:2477
[54924384ms] [LOG] [Fast Refresh] rebuilding @ http://localhost:3100/_next/static/chunks/node_modules_next_dist_1ybzpk2._.js:2477
[54924451ms] [LOG] [Fast Refresh] done in 168ms @ http://localhost:3100/_next/static/chunks/node_modules_next_dist_1ybzpk2._.js:2477
[54924847ms] [LOG] [Fast Refresh] rebuilding @ http://localhost:3100/_next/static/chunks/node_modules_next_dist_1ybzpk2._.js:2477
[54924871ms] [LOG] [Fast Refresh] done in 126ms @ http://localhost:3100/_next/static/chunks/node_modules_next_dist_1ybzpk2._.js:2477
[54925616ms] [LOG] [Fast Refresh] rebuilding @ http://localhost:3100/_next/static/chunks/node_modules_next_dist_1ybzpk2._.js:2477
[54925643ms] [LOG] [Fast Refresh] done in 131ms @ http://localhost:3100/_next/static/chunks/node_modules_next_dist_1ybzpk2._.js:2477
[55059033ms] [LOG] [Fast Refresh] rebuilding @ http://localhost:3100/_next/static/chunks/node_modules_next_dist_1ybzpk2._.js:2477
[55059525ms] [LOG] [Fast Refresh] done in 211ms @ http://localhost:3100/_next/static/chunks/node_modules_next_dist_1ybzpk2._.js:2477
[55059657ms] [LOG] [Fast Refresh] rebuilding @ http://localhost:3100/_next/static/chunks/node_modules_next_dist_1ybzpk2._.js:2477
[55059737ms] [LOG] [Fast Refresh] done in 181ms @ http://localhost:3100/_next/static/chunks/node_modules_next_dist_1ybzpk2._.js:2477
[55059911ms] [LOG] [Fast Refresh] rebuilding @ http://localhost:3100/_next/static/chunks/node_modules_next_dist_1ybzpk2._.js:2477
[55059958ms] [LOG] [Fast Refresh] done in 150ms @ http://localhost:3100/_next/static/chunks/node_modules_next_dist_1ybzpk2._.js:2477
[55060267ms] [LOG] [Fast Refresh] rebuilding @ http://localhost:3100/_next/static/chunks/node_modules_next_dist_1ybzpk2._.js:2477
[55060277ms] [LOG] [Fast Refresh] done in 118ms @ http://localhost:3100/_next/static/chunks/node_modules_next_dist_1ybzpk2._.js:2477
[55060736ms] [LOG] [Fast Refresh] rebuilding @ http://localhost:3100/_next/static/chunks/node_modules_next_dist_1ybzpk2._.js:2477
[55060801ms] [LOG] [Fast Refresh] done in 167ms @ http://localhost:3100/_next/static/chunks/node_modules_next_dist_1ybzpk2._.js:2477
[55061229ms] [LOG] [Fast Refresh] rebuilding @ http://localhost:3100/_next/static/chunks/node_modules_next_dist_1ybzpk2._.js:2477
[55061262ms] [LOG] [Fast Refresh] done in 136ms @ http://localhost:3100/_next/static/chunks/node_modules_next_dist_1ybzpk2._.js:2477
[55062026ms] [LOG] [Fast Refresh] rebuilding @ http://localhost:3100/_next/static/chunks/node_modules_next_dist_1ybzpk2._.js:2477
[55062028ms] [LOG] [Fast Refresh] done in 102ms @ http://localhost:3100/_next/static/chunks/node_modules_next_dist_1ybzpk2._.js:2477
[55086932ms] [LOG] [Fast Refresh] rebuilding @ http://localhost:3100/_next/static/chunks/node_modules_next_dist_1ybzpk2._.js:2477
[55087098ms] [LOG] [Fast Refresh] done in 276ms @ http://localhost:3100/_next/static/chunks/node_modules_next_dist_1ybzpk2._.js:2477
[55226137ms] [ERROR] Failed to load resource: net::ERR_INTERNET_DISCONNECTED @ https://api.toumaiai.com/api/v1/auth/refresh:0
[55232663ms] [ERROR] Failed to load resource: net::ERR_INTERNET_DISCONNECTED @ https://api.toumaiai.com/api/v1/auth/refresh:0
[55237731ms] [ERROR] Failed to load resource: net::ERR_NAME_NOT_RESOLVED @ https://api.toumaiai.com/api/v1/auth/refresh:0
[55286255ms] [ERROR] Failed to load resource: the server responded with a status of 401 () @ https://api.toumaiai.com/api/v1/auth/refresh:0
[55385112ms] [LOG] [Fast Refresh] rebuilding @ http://localhost:3100/_next/static/chunks/node_modules_next_dist_1ybzpk2._.js:2477
[55386539ms] [LOG] [Fast Refresh] done in 1456ms @ http://localhost:3100/_next/static/chunks/node_modules_next_dist_1ybzpk2._.js:2477
[55450522ms] [LOG] [Fast Refresh] rebuilding @ http://localhost:3100/_next/static/chunks/node_modules_next_dist_1ybzpk2._.js:2477
[55451071ms] [LOG] [Fast Refresh] done in 662ms @ http://localhost:3100/_next/static/chunks/node_modules_next_dist_1ybzpk2._.js:2477
[55521353ms] [ERROR] Failed to load resource: the server responded with a status of 401 () @ https://api.toumaiai.com/api/v1/auth/refresh:0
[55555111ms] [LOG] [Fast Refresh] rebuilding @ http://localhost:3100/_next/static/chunks/node_modules_next_dist_1ybzpk2._.js:2477
[55556322ms] [LOG] [Fast Refresh] done in 1141ms @ http://localhost:3100/_next/static/chunks/node_modules_next_dist_1ybzpk2._.js:2477
[55556429ms] [LOG] [Fast Refresh] rebuilding @ http://localhost:3100/_next/static/chunks/node_modules_next_dist_1ybzpk2._.js:2477
[55556502ms] [LOG] [Fast Refresh] done in 180ms @ http://localhost:3100/_next/static/chunks/node_modules_next_dist_1ybzpk2._.js:2477
[55556710ms] [LOG] [Fast Refresh] rebuilding @ http://localhost:3100/_next/static/chunks/node_modules_next_dist_1ybzpk2._.js:2477
[55556772ms] [LOG] [Fast Refresh] done in 163ms @ http://localhost:3100/_next/static/chunks/node_modules_next_dist_1ybzpk2._.js:2477
[55557320ms] [LOG] [Fast Refresh] rebuilding @ http://localhost:3100/_next/static/chunks/node_modules_next_dist_1ybzpk2._.js:2477
[55557512ms] [LOG] [Fast Refresh] done in 298ms @ http://localhost:3100/_next/static/chunks/node_modules_next_dist_1ybzpk2._.js:2477
[55557688ms] [LOG] [Fast Refresh] rebuilding @ http://localhost:3100/_next/static/chunks/node_modules_next_dist_1ybzpk2._.js:2477
[55557848ms] [LOG] [Fast Refresh] done in 270ms @ http://localhost:3100/_next/static/chunks/node_modules_next_dist_1ybzpk2._.js:2477
[55560230ms] [LOG] [Fast Refresh] rebuilding @ http://localhost:3100/_next/static/chunks/node_modules_next_dist_1ybzpk2._.js:2477
[55561476ms] [LOG] [Fast Refresh] done in 1346ms @ http://localhost:3100/_next/static/chunks/node_modules_next_dist_1ybzpk2._.js:2477
[55563159ms] [LOG] [Fast Refresh] rebuilding @ http://localhost:3100/_next/static/chunks/node_modules_next_dist_1ybzpk2._.js:2477
[55563715ms] [LOG] [Fast Refresh] done in 670ms @ http://localhost:3100/_next/static/chunks/node_modules_next_dist_1ybzpk2._.js:2477
[55576182ms] [LOG] [Fast Refresh] rebuilding @ http://localhost:3100/_next/static/chunks/node_modules_next_dist_1ybzpk2._.js:2477
[55576348ms] [LOG] [Fast Refresh] done in 269ms @ http://localhost:3100/_next/static/chunks/node_modules_next_dist_1ybzpk2._.js:2477
[55578879ms] [LOG] [Fast Refresh] rebuilding @ http://localhost:3100/_next/static/chunks/node_modules_next_dist_1ybzpk2._.js:2477
[55579481ms] [LOG] [Fast Refresh] done in 713ms @ http://localhost:3100/_next/static/chunks/node_modules_next_dist_1ybzpk2._.js:2477
[55587466ms] [LOG] [Fast Refresh] rebuilding @ http://localhost:3100/_next/static/chunks/node_modules_next_dist_1ybzpk2._.js:2477
[55587609ms] [LOG] [Fast Refresh] done in 256ms @ http://localhost:3100/_next/static/chunks/node_modules_next_dist_1ybzpk2._.js:2477
[55595079ms] [LOG] [Fast Refresh] rebuilding @ http://localhost:3100/_next/static/chunks/node_modules_next_dist_1ybzpk2._.js:2477
[55595249ms] [LOG] [Fast Refresh] done in 281ms @ http://localhost:3100/_next/static/chunks/node_modules_next_dist_1ybzpk2._.js:2477
[55602623ms] [LOG] [Fast Refresh] rebuilding @ http://localhost:3100/_next/static/chunks/node_modules_next_dist_1ybzpk2._.js:2477
[55602766ms] [LOG] [Fast Refresh] done in 248ms @ http://localhost:3100/_next/static/chunks/node_modules_next_dist_1ybzpk2._.js:2477
[55614764ms] [LOG] [Fast Refresh] rebuilding @ http://localhost:3100/_next/static/chunks/node_modules_next_dist_1ybzpk2._.js:2477
[55615202ms] [LOG] [Fast Refresh] done in 536ms @ http://localhost:3100/_next/static/chunks/node_modules_next_dist_1ybzpk2._.js:2477
[55615318ms] [LOG] [Fast Refresh] rebuilding @ http://localhost:3100/_next/static/chunks/node_modules_next_dist_1ybzpk2._.js:2477
[55615421ms] [LOG] [Fast Refresh] done in 216ms @ http://localhost:3100/_next/static/chunks/node_modules_next_dist_1ybzpk2._.js:2477
[55615716ms] [LOG] [Fast Refresh] rebuilding @ http://localhost:3100/_next/static/chunks/node_modules_next_dist_1ybzpk2._.js:2477
[55615735ms] [LOG] [Fast Refresh] done in 120ms @ http://localhost:3100/_next/static/chunks/node_modules_next_dist_1ybzpk2._.js:2477
[55665239ms] [ERROR] WebSocket connection to 'ws://localhost:3100/_next/webpack-hmr?id=MKwL_FEfLk-qtcL1kEwRk' failed: Error in connection establishment: net::ERR_CONNECTION_REFUSED @ http://localhost:3100/_next/static/chunks/node_modules_next_dist_client_0r5nbpw._.js:13430
[55668599ms] [ERROR] WebSocket connection to 'ws://localhost:3100/_next/webpack-hmr?id=MKwL_FEfLk-qtcL1kEwRk' failed: Error in connection establishment: net::ERR_CONNECTION_REFUSED @ http://localhost:3100/_next/static/chunks/node_modules_next_dist_client_0r5nbpw._.js:13430
[55671936ms] [ERROR] WebSocket connection to 'ws://localhost:3100/_next/webpack-hmr?id=MKwL_FEfLk-qtcL1kEwRk' failed: Error in connection establishment: net::ERR_CONNECTION_REFUSED @ http://localhost:3100/_next/static/chunks/node_modules_next_dist_client_0r5nbpw._.js:13430
[55675288ms] [ERROR] WebSocket connection to 'ws://localhost:3100/_next/webpack-hmr?id=MKwL_FEfLk-qtcL1kEwRk' failed: Error in connection establishment: net::ERR_CONNECTION_REFUSED @ http://localhost:3100/_next/static/chunks/node_modules_next_dist_client_0r5nbpw._.js:13430
[55678657ms] [ERROR] WebSocket connection to 'ws://localhost:3100/_next/webpack-hmr?id=MKwL_FEfLk-qtcL1kEwRk' failed: Error in connection establishment: net::ERR_CONNECTION_REFUSED @ http://localhost:3100/_next/static/chunks/node_modules_next_dist_client_0r5nbpw._.js:13430
[55686004ms] [ERROR] WebSocket connection to 'ws://localhost:3100/_next/webpack-hmr?id=MKwL_FEfLk-qtcL1kEwRk' failed: Error in connection establishment: net::ERR_CONNECTION_REFUSED @ http://localhost:3100/_next/static/chunks/node_modules_next_dist_client_0r5nbpw._.js:13430
[55693363ms] [ERROR] WebSocket connection to 'ws://localhost:3100/_next/webpack-hmr?id=MKwL_FEfLk-qtcL1kEwRk' failed: Error in connection establishment: net::ERR_CONNECTION_REFUSED @ http://localhost:3100/_next/static/chunks/node_modules_next_dist_client_0r5nbpw._.js:13430
[55700716ms] [ERROR] WebSocket connection to 'ws://localhost:3100/_next/webpack-hmr?id=MKwL_FEfLk-qtcL1kEwRk' failed: Error in connection establishment: net::ERR_CONNECTION_REFUSED @ http://localhost:3100/_next/static/chunks/node_modules_next_dist_client_0r5nbpw._.js:13430
[55708074ms] [ERROR] WebSocket connection to 'ws://localhost:3100/_next/webpack-hmr?id=MKwL_FEfLk-qtcL1kEwRk' failed: Error in connection establishment: net::ERR_CONNECTION_REFUSED @ http://localhost:3100/_next/static/chunks/node_modules_next_dist_client_0r5nbpw._.js:13430
[55715426ms] [ERROR] WebSocket connection to 'ws://localhost:3100/_next/webpack-hmr?id=MKwL_FEfLk-qtcL1kEwRk' failed: Error in connection establishment: net::ERR_CONNECTION_REFUSED @ http://localhost:3100/_next/static/chunks/node_modules_next_dist_client_0r5nbpw._.js:13430
[55722844ms] [ERROR] WebSocket connection to 'ws://localhost:3100/_next/webpack-hmr?id=MKwL_FEfLk-qtcL1kEwRk' failed: Error in connection establishment: net::ERR_CONNECTION_REFUSED @ http://localhost:3100/_next/static/chunks/node_modules_next_dist_client_0r5nbpw._.js:13430
[55730243ms] [ERROR] WebSocket connection to 'ws://localhost:3100/_next/webpack-hmr?id=MKwL_FEfLk-qtcL1kEwRk' failed: Error in connection establishment: net::ERR_CONNECTION_REFUSED @ http://localhost:3100/_next/static/chunks/node_modules_next_dist_client_0r5nbpw._.js:13430
